// Jest Snapshot v1, https://goo.gl/fbAQLP

exports[`<App/> should match the snapshot 1`] = `
<div>
  <h1
    class="text-3xl font-bold underline"
  >
    Hello world!
  </h1>
</div>
`;
